This is pdfTeX, Version 3.141592653-2.6-1.40.29 (TeX Live 2026/Arch Linux) (preloaded format=pdflatex 2026.8.23)  5 OCT 2026 15:41
entering extended mode
 restricted \write18 enabled.
 file:line:error style messages enabled.
 %&-line parsing enabled.
**/home/claudio/tesi/SECMotionModel/Tesi/Tesi_Satellite_Computing_Bagini_2045337.tex
(/home/claudio/tesi/SECMotionModel/Tesi/Tesi_Satellite_Computing_Bagini_2045337.tex
LaTeX2e <2025-11-01>
L3 programming layer <2026-01-19>
(/usr/share/texmf-dist/tex/latex/sapthesis/sapthesis.cls
Document Class: sapthesis 2022/07/04 Sapienza University of Rome thesis class
(/usr/share/texmf-dist/tex/latex/xkeyval/xkeyval.sty
Package: xkeyval 2025/11/04 v2.10 package option processing (HA)
 (/usr/share/texmf-dist/tex/generic/xkeyval/xkeyval.tex (/usr/share/texmf-dist/tex/generic/xkeyval/xkvutils.tex
\XKV@toks=\toks17
\XKV@tempa@toks=\toks18
\XKV@tempb@toks=\toks19
 (/usr/share/texmf-dist/tex/generic/xkeyval/keyval.tex))
\XKV@depth=\count275
File: xkeyval.tex 2014/12/03 v2.7a key=value parser (HA)
))
\SAP@binding=\skip49
 (/usr/share/texmf-dist/tex/latex/base/book.cls
Document Class: book 2025/01/22 v1.4n Standard LaTeX document class
(/usr/share/texmf-dist/tex/latex/base/bk11.clo
File: bk11.clo 2025/01/22 v1.4n Standard LaTeX file (size option)
)
\c@part=\count276
\c@chapter=\count277
\c@section=\count278
\c@subsection=\count279
\c@subsubsection=\count280
\c@paragraph=\count281
\c@subparagraph=\count282
\c@figure=\count283
\c@table=\count284
\abovecaptionskip=\skip50
\belowcaptionskip=\skip51
\bibindent=\dimen148
) (/usr/share/texmf-dist/tex/latex/geometry/geometry.sty
Package: geometry 2020/01/02 v5.9 Page Geometry
 (/usr/share/texmf-dist/tex/generic/iftex/ifvtex.sty
Package: ifvtex 2019/10/25 v1.7 ifvtex legacy package. Use iftex instead.
 (/usr/share/texmf-dist/tex/generic/iftex/iftex.sty
Package: iftex 2024/12/12 v1.0g TeX engine tests
))
\Gm@cnth=\count285
\Gm@cntv=\count286
\c@Gm@tempcnt=\count287
\Gm@bindingoffset=\dimen149
\Gm@wd@mp=\dimen150
\Gm@odd@mp=\dimen151
\Gm@even@mp=\dimen152
\Gm@layoutwidth=\dimen153
\Gm@layoutheight=\dimen154
\Gm@layouthoffset=\dimen155
\Gm@layoutvoffset=\dimen156
\Gm@dimlist=\toks20
) (/usr/share/texmf-dist/tex/generic/iftex/ifxetex.sty
Package: ifxetex 2019/10/25 v0.7 ifxetex legacy package. Use iftex instead.
) (/usr/share/texmf-dist/tex/latex/base/fontenc.sty
Package: fontenc 2025/07/18 v2.1d Standard LaTeX package
) (/usr/share/texmf-dist/tex/latex/base/textcomp.sty
Package: textcomp 2024/04/24 v2.1b Standard LaTeX package
) (/usr/share/texmf-dist/tex/latex/lm/lmodern.sty
Package: lmodern 2015/05/01 v1.6.1 Latin Modern Fonts
LaTeX Font Info:    Overwriting symbol font `operators' in version `normal'
(Font)                  OT1/cmr/m/n --> OT1/lmr/m/n on input line 22.
LaTeX Font Info:    Overwriting symbol font `letters' in version `normal'
(Font)                  OML/cmm/m/it --> OML/lmm/m/it on input line 23.
LaTeX Font Info:    Overwriting symbol font `symbols' in version `normal'
(Font)                  OMS/cmsy/m/n --> OMS/lmsy/m/n on input line 24.
LaTeX Font Info:    Overwriting symbol font `largesymbols' in version `normal'
(Font)                  OMX/cmex/m/n --> OMX/lmex/m/n on input line 25.
LaTeX Font Info:    Overwriting symbol font `operators' in version `bold'
(Font)                  OT1/cmr/bx/n --> OT1/lmr/bx/n on input line 26.
LaTeX Font Info:    Overwriting symbol font `letters' in version `bold'
(Font)                  OML/cmm/b/it --> OML/lmm/b/it on input line 27.
LaTeX Font Info:    Overwriting symbol font `symbols' in version `bold'
(Font)                  OMS/cmsy/b/n --> OMS/lmsy/b/n on input line 28.
LaTeX Font Info:    Overwriting symbol font `largesymbols' in version `bold'
(Font)                  OMX/cmex/m/n --> OMX/lmex/m/n on input line 29.
LaTeX Font Info:    Overwriting math alphabet `\mathbf' in version `normal'
(Font)                  OT1/cmr/bx/n --> OT1/lmr/bx/n on input line 31.
LaTeX Font Info:    Overwriting math alphabet `\mathsf' in version `normal'
(Font)                  OT1/cmss/m/n --> OT1/lmss/m/n on input line 32.
LaTeX Font Info:    Overwriting math alphabet `\mathit' in version `normal'
(Font)                  OT1/cmr/m/it --> OT1/lmr/m/it on input line 33.
LaTeX Font Info:    Overwriting math alphabet `\mathtt' in version `normal'
(Font)                  OT1/cmtt/m/n --> OT1/lmtt/m/n on input line 34.
LaTeX Font Info:    Overwriting math alphabet `\mathbf' in version `bold'
(Font)                  OT1/cmr/bx/n --> OT1/lmr/bx/n on input line 35.
LaTeX Font Info:    Overwriting math alphabet `\mathsf' in version `bold'
(Font)                  OT1/cmss/bx/n --> OT1/lmss/bx/n on input line 36.
LaTeX Font Info:    Overwriting math alphabet `\mathit' in version `bold'
(Font)                  OT1/cmr/bx/it --> OT1/lmr/bx/it on input line 37.
LaTeX Font Info:    Overwriting math alphabet `\mathtt' in version `bold'
(Font)                  OT1/cmtt/m/n --> OT1/lmtt/m/n on input line 38.
) (/usr/share/texmf-dist/tex/latex/caption/caption.sty
Package: caption 2023/08/05 v3.6o Customizing captions (AR)
 (/usr/share/texmf-dist/tex/latex/caption/caption3.sty
Package: caption3 2023/07/31 v2.4d caption3 kernel (AR)
\caption@tempdima=\dimen157
\captionmargin=\dimen158
\caption@leftmargin=\dimen159
\caption@rightmargin=\dimen160
\caption@width=\dimen161
\caption@indent=\dimen162
\caption@parindent=\dimen163
\caption@hangindent=\dimen164
Package caption Info: Standard document class detected.
)
\c@caption@flags=\count288
\c@continuedfloat=\count289
) (/usr/share/texmf-dist/tex/latex/graphics/graphicx.sty
Package: graphicx 2024/12/31 v1.2e Enhanced LaTeX Graphics (DPC,SPQR)
 (/usr/share/texmf-dist/tex/latex/graphics/graphics.sty
Package: graphics 2024/08/06 v1.4g Standard LaTeX Graphics (DPC,SPQR)
 (/usr/share/texmf-dist/tex/latex/graphics/trig.sty
Package: trig 2023/12/02 v1.11 sin cos tan (DPC)
) (/usr/share/texmf-dist/tex/latex/graphics-cfg/graphics.cfg
File: graphics.cfg 2016/06/04 v1.11 sample graphics configuration
)
Package graphics Info: Driver file: pdftex.def on input line 106.
 (/usr/share/texmf-dist/tex/latex/graphics-def/pdftex.def
File: pdftex.def 2025/09/29 v1.2d Graphics/color driver for pdftex
))
\Gin@req@height=\dimen165
\Gin@req@width=\dimen166
) (/usr/share/texmf-dist/tex/latex/graphics/color.sty
Package: color 2025/01/14 v1.3e Standard LaTeX Color (DPC)
 (/usr/share/texmf-dist/tex/latex/graphics-cfg/color.cfg
File: color.cfg 2016/01/02 v1.6 sample color configuration
)
Package color Info: Driver file: pdftex.def on input line 149.
 (/usr/share/texmf-dist/tex/latex/graphics/mathcolor.ltx)) (/usr/share/texmf-dist/tex/latex/booktabs/booktabs.sty
Package: booktabs 2020/01/12 v1.61803398 Publication quality tables
\heavyrulewidth=\dimen167
\lightrulewidth=\dimen168
\cmidrulewidth=\dimen169
\belowrulesep=\dimen170
\belowbottomsep=\dimen171
\aboverulesep=\dimen172
\abovetopsep=\dimen173
\cmidrulesep=\dimen174
\cmidrulekern=\dimen175
\defaultaddspace=\dimen176
\@cmidla=\count290
\@cmidlb=\count291
\@aboverulesep=\dimen177
\@belowrulesep=\dimen178
\@thisruleclass=\count292
\@lastruleclass=\count293
\@thisrulewidth=\dimen179
) (/usr/share/texmf-dist/tex/latex/amsmath/amsmath.sty
Package: amsmath 2025/07/09 v2.17z AMS math features
\@mathmargin=\skip52

For additional information on amsmath, use the `?' option.
(/usr/share/texmf-dist/tex/latex/amsmath/amstext.sty
Package: amstext 2024/11/17 v2.01 AMS text
 (/usr/share/texmf-dist/tex/latex/amsmath/amsgen.sty
File: amsgen.sty 1999/11/30 v2.0 generic functions
\@emptytoks=\toks21
\ex@=\dimen180
)) (/usr/share/texmf-dist/tex/latex/amsmath/amsbsy.sty
Package: amsbsy 1999/11/29 v1.2d Bold Symbols
\pmbraise@=\dimen181
) (/usr/share/texmf-dist/tex/latex/amsmath/amsopn.sty
Package: amsopn 2022/04/08 v2.04 operator names
)
\inf@bad=\count294
LaTeX Info: Redefining \frac on input line 233.
\uproot@=\count295
\leftroot@=\count296
LaTeX Info: Redefining \overline on input line 398.
LaTeX Info: Redefining \colon on input line 409.
\classnum@=\count297
\DOTSCASE@=\count298
LaTeX Info: Redefining \ldots on input line 495.
LaTeX Info: Redefining \dots on input line 498.
LaTeX Info: Redefining \cdots on input line 619.
\Mathstrutbox@=\box53
\strutbox@=\box54
LaTeX Info: Redefining \big on input line 721.
LaTeX Info: Redefining \Big on input line 722.
LaTeX Info: Redefining \bigg on input line 723.
LaTeX Info: Redefining \Bigg on input line 724.
\big@size=\dimen182
LaTeX Font Info:    Redeclaring font encoding OML on input line 742.
LaTeX Font Info:    Redeclaring font encoding OMS on input line 743.
\macc@depth=\count299
LaTeX Info: Redefining \bmod on input line 904.
LaTeX Info: Redefining \pmod on input line 909.
LaTeX Info: Redefining \smash on input line 939.
LaTeX Info: Redefining \relbar on input line 969.
LaTeX Info: Redefining \Relbar on input line 970.
\c@MaxMatrixCols=\count300
\dotsspace@=\muskip17
\c@parentequation=\count301
\dspbrk@lvl=\count302
\tag@help=\toks22
\row@=\count303
\column@=\count304
\maxfields@=\count305
\andhelp@=\toks23
\eqnshift@=\dimen183
\alignsep@=\dimen184
\tagshift@=\dimen185
\tagwidth@=\dimen186
\totwidth@=\dimen187
\lineht@=\dimen188
\@envbody=\toks24
\multlinegap=\skip53
\multlinetaggap=\skip54
\mathdisplay@stack=\toks25
LaTeX Info: Redefining \[ on input line 2950.
LaTeX Info: Redefining \] on input line 2951.
) (/usr/share/texmf-dist/tex/latex/etoolbox/etoolbox.sty
Package: etoolbox 2025/10/02 v2.5m e-TeX tools for LaTeX (JAW)
\etb@tempcnta=\count306
) (/usr/share/texmf-dist/tex/latex/fancyhdr/fancyhdr.sty
Package: fancyhdr 2025/02/07 v5.2 Extensive control of page headers and footers
\f@nch@headwidth=\skip55
\f@nch@offset@elh=\skip56
\f@nch@offset@erh=\skip57
\f@nch@offset@olh=\skip58
\f@nch@offset@orh=\skip59
\f@nch@offset@elf=\skip60
\f@nch@offset@erf=\skip61
\f@nch@offset@olf=\skip62
\f@nch@offset@orf=\skip63
\f@nch@height=\skip64
\f@nch@footalignment=\skip65
\f@nch@widthL=\skip66
\f@nch@widthC=\skip67
\f@nch@widthR=\skip68
\@temptokenb=\toks26
)
\SAP@advisorcount=\count307
\SAP@advisortoks=\toks27
\SAP@coadvisorcount=\count308
\SAP@coadvisortoks=\toks28
\SAP@reviewercount=\count309
\SAP@reviewertoks=\toks29
\SAP@directorcount=\count310
\SAP@directortoks=\toks30
\SAP@examinercount=\count311
\SAP@examinertoks=\toks31
) (/usr/share/texmf-dist/tex/latex/base/inputenc.sty
Package: inputenc 2024/02/08 v1.3d Input encoding file
\inpenc@prehook=\toks32
\inpenc@posthook=\toks33
) (/usr/share/texmf-dist/tex/generic/babel/babel.sty
Package: babel 2026/02/14 v26.3 The multilingual framework for LuaLaTeX, pdfLaTeX and XeLaTeX
\babel@savecnt=\count312
LaTeX Encoding Info:    Redeclaring text command \ij (encoding OT1) on input line 2078.
LaTeX Encoding Info:    Redeclaring text command \IJ (encoding OT1) on input line 2080.
LaTeX Encoding Info:    Redeclaring text command \ij (encoding T1) on input line 2082.
LaTeX Encoding Info:    Redeclaring text command \IJ (encoding T1) on input line 2083.
LaTeX Encoding Info:    Ignoring declaration for text command \ij (encoding ?) on input line 2084.
LaTeX Encoding Info:    Ignoring declaration for text command \IJ (encoding ?) on input line 2086.
LaTeX Encoding Info:    Ignoring declaration for text command \SS (encoding ?) on input line 2111.
\U@D=\dimen189
\l@unhyphenated=\language3
 (/usr/share/texmf-dist/tex/generic/babel/txtbabel.def)
\bbl@readstream=\read2
\bbl@dirlevel=\count313
 (/usr/share/texmf-dist/tex/generic/babel/locale/en/babel-english.tex)
Package babel Info: Importing font and identification data for english
(babel)             from babel-en.ini. Reported on input line 4330.
 (/usr/share/texmf-dist/tex/generic/babel-english/english.ldf
Language: english 2017/06/06 v3.3r English support from the babel system
Package babel Info: Hyphen rules for 'british' set to \l@english
(babel)             (\language0). Reported on input line 82.
Package babel Info: Hyphen rules for 'UKenglish' set to \l@english
(babel)             (\language0). Reported on input line 83.
Package babel Info: Hyphen rules for 'canadian' set to \l@english
(babel)             (\language0). Reported on input line 102.
Package babel Info: Hyphen rules for 'australian' set to \l@english
(babel)             (\language0). Reported on input line 105.
Package babel Info: Hyphen rules for 'newzealand' set to \l@english
(babel)             (\language0). Reported on input line 108.
)) (/usr/share/texmf-dist/tex/latex/hyperref/hyperref.sty
Package: hyperref 2026-01-29 v7.01p Hypertext links for LaTeX
 (/usr/share/texmf-dist/tex/latex/kvsetkeys/kvsetkeys.sty
Package: kvsetkeys 2022-10-05 v1.19 Key value parser (HO)
) (/usr/share/texmf-dist/tex/generic/kvdefinekeys/kvdefinekeys.sty
Package: kvdefinekeys 2019-12-19 v1.6 Define keys (HO)
) (/usr/share/texmf-dist/tex/generic/pdfescape/pdfescape.sty
Package: pdfescape 2019/12/09 v1.15 Implements pdfTeX's escape features (HO)
 (/usr/share/texmf-dist/tex/generic/ltxcmds/ltxcmds.sty
Package: ltxcmds 2023-12-04 v1.26 LaTeX kernel commands for general use (HO)
) (/usr/share/texmf-dist/tex/generic/pdftexcmds/pdftexcmds.sty
Package: pdftexcmds 2020-06-27 v0.33 Utility functions of pdfTeX for LuaTeX (HO)
 (/usr/share/texmf-dist/tex/generic/infwarerr/infwarerr.sty
Package: infwarerr 2019/12/03 v1.5 Providing info/warning/error messages (HO)
)
Package pdftexcmds Info: \pdf@primitive is available.
Package pdftexcmds Info: \pdf@ifprimitive is available.
Package pdftexcmds Info: \pdfdraftmode found.
)) (/usr/share/texmf-dist/tex/latex/hycolor/hycolor.sty
Package: hycolor 2020-01-27 v1.10 Color options for hyperref/bookmark (HO)
) (/usr/share/texmf-dist/tex/latex/hyperref/nameref.sty
Package: nameref 2026-01-29 v2.58 Cross-referencing by name of section
 (/usr/share/texmf-dist/tex/latex/refcount/refcount.sty
Package: refcount 2019/12/15 v3.6 Data extraction from label references (HO)
) (/usr/share/texmf-dist/tex/generic/gettitlestring/gettitlestring.sty
Package: gettitlestring 2019/12/15 v1.6 Cleanup title references (HO)
 (/usr/share/texmf-dist/tex/latex/kvoptions/kvoptions.sty
Package: kvoptions 2022-06-15 v3.15 Key value format for package options (HO)
))
\c@section@level=\count314
) (/usr/share/texmf-dist/tex/generic/stringenc/stringenc.sty
Package: stringenc 2019/11/29 v1.12 Convert strings between diff. encodings (HO)
)
\@linkdim=\dimen190
\Hy@linkcounter=\count315
\Hy@pagecounter=\count316
 (/usr/share/texmf-dist/tex/latex/hyperref/pd1enc.def
File: pd1enc.def 2026-01-29 v7.01p Hyperref: PDFDocEncoding definition (HO)
Now handling font encoding PD1 ...
... no UTF-8 mapping file for font encoding PD1
) (/usr/share/texmf-dist/tex/generic/intcalc/intcalc.sty
Package: intcalc 2019/12/15 v1.3 Expandable calculations with integers (HO)
)
\Hy@SavedSpaceFactor=\count317
 (/usr/share/texmf-dist/tex/latex/hyperref/puenc.def
File: puenc.def 2026-01-29 v7.01p Hyperref: PDF Unicode definition (HO)
Now handling font encoding PU ...
... no UTF-8 mapping file for font encoding PU
)
Package hyperref Info: Hyper figures OFF on input line 4201.
Package hyperref Info: Link nesting OFF on input line 4206.
Package hyperref Info: Hyper index ON on input line 4209.
Package hyperref Info: Plain pages OFF on input line 4216.
Package hyperref Info: Backreferencing OFF on input line 4221.
Package hyperref Info: Implicit mode ON; LaTeX internals redefined.
Package hyperref Info: Bookmarks ON on input line 4468.
\c@Hy@tempcnt=\count318
 (/usr/share/texmf-dist/tex/latex/url/url.sty
\Urlmuskip=\muskip18
Package: url 2013/09/16  ver 3.4  Verb mode for urls, etc.
)
LaTeX Info: Redefining \url on input line 4807.
\XeTeXLinkMargin=\dimen191
 (/usr/share/texmf-dist/tex/generic/bitset/bitset.sty
Package: bitset 2019/12/09 v1.3 Handle bit-vector datatype (HO)
 (/usr/share/texmf-dist/tex/generic/bigintcalc/bigintcalc.sty
Package: bigintcalc 2019/12/15 v1.5 Expandable calculations on big integers (HO)
))
\Fld@menulength=\count319
\Field@Width=\dimen192
\Fld@charsize=\dimen193
Package hyperref Info: Hyper figures OFF on input line 6084.
Package hyperref Info: Link nesting OFF on input line 6089.
Package hyperref Info: Hyper index ON on input line 6092.
Package hyperref Info: backreferencing OFF on input line 6099.
Package hyperref Info: Link coloring OFF on input line 6104.
Package hyperref Info: Link coloring with OCG OFF on input line 6109.
Package hyperref Info: PDF/A mode OFF on input line 6114.
\Hy@abspage=\count320
\c@Item=\count321
\c@Hfootnote=\count322
)
Package hyperref Info: Driver (autodetected): hpdftex.
 (/usr/share/texmf-dist/tex/latex/hyperref/hpdftex.def
File: hpdftex.def 2026-01-29 v7.01p Hyperref driver for pdfTeX
\Fld@listcount=\count323
\c@bookmark@seq@number=\count324
 (/usr/share/texmf-dist/tex/latex/rerunfilecheck/rerunfilecheck.sty
Package: rerunfilecheck 2025-06-21 v1.11 Rerun checks for auxiliary files (HO)
 (/usr/share/texmf-dist/tex/generic/uniquecounter/uniquecounter.sty
Package: uniquecounter 2019/12/15 v1.4 Provide unlimited unique counter (HO)
)
Package uniquecounter Info: New unique counter `rerunfilecheck' on input line 284.
)
\Hy@SectionHShift=\skip69
) (/usr/share/texmf-dist/tex/latex/amsfonts/amssymb.sty
Package: amssymb 2013/01/14 v3.01 AMS font symbols
 (/usr/share/texmf-dist/tex/latex/amsfonts/amsfonts.sty
Package: amsfonts 2013/01/14 v3.01 Basic AMSFonts support
\symAMSa=\mathgroup4
\symAMSb=\mathgroup5
LaTeX Font Info:    Redeclaring math symbol \hbar on input line 98.
LaTeX Font Info:    Overwriting math alphabet `\mathfrak' in version `bold'
(Font)                  U/euf/m/n --> U/euf/b/n on input line 106.
)) (/usr/share/texmf-dist/tex/latex/microtype/microtype.sty
Package: microtype 2026/03/01 v3.2d Micro-typographical refinements (RS)
\MT@toks=\toks34
\MT@tempbox=\box55
\MT@count=\count325
LaTeX Info: Redefining \noprotrusionifhmode on input line 1084.
LaTeX Info: Redefining \leftprotrusion on input line 1085.
\MT@prot@toks=\toks35
LaTeX Info: Redefining \rightprotrusion on input line 1104.
LaTeX Info: Redefining \textls on input line 1449.
\MT@outer@kern=\dimen194
LaTeX Info: Redefining \microtypecontext on input line 2053.
LaTeX Info: Redefining \textmicrotypecontext on input line 2070.
\MT@listname@count=\count326
 (/usr/share/texmf-dist/tex/latex/microtype/microtype-pdftex.def
File: microtype-pdftex.def 2026/03/01 v3.2d Definitions specific to pdftex (RS)
LaTeX Info: Redefining \lsstyle on input line 944.
LaTeX Info: Redefining \lslig on input line 944.
\MT@outer@space=\skip70
)
Package microtype Info: Loading configuration file microtype.cfg.
 (/usr/share/texmf-dist/tex/latex/microtype/microtype.cfg
File: microtype.cfg 2026/03/01 v3.2d microtype main configuration file (RS)
)
LaTeX Info: Redefining \microtypesetup on input line 3065.
) (/usr/share/texmf-dist/tex/latex/caption/subcaption.sty
Package: subcaption 2023/07/28 v1.6b Sub-captions (AR)
Package caption Info: New subtype `subfigure' on input line 238.
\c@subfigure=\count327
Package caption Info: New subtype `subtable' on input line 238.
\c@subtable=\count328
) (/usr/share/texmf-dist/tex/latex/listings/listings.sty
\lst@mode=\count329
\lst@gtempboxa=\box56
\lst@token=\toks36
\lst@length=\count330
\lst@currlwidth=\dimen195
\lst@column=\count331
\lst@pos=\count332
\lst@lostspace=\dimen196
\lst@width=\dimen197
\lst@newlines=\count333
\lst@lineno=\count334
\lst@maxwidth=\dimen198
 (/usr/share/texmf-dist/tex/latex/listings/lstpatch.sty
File: lstpatch.sty 2025/11/14 1.11b (Carsten Heinz)
) (/usr/share/texmf-dist/tex/latex/listings/lstmisc.sty
File: lstmisc.sty 2025/11/14 1.11b (Carsten Heinz)
\c@lstnumber=\count335
\lst@skipnumbers=\count336
\lst@framebox=\box57
) (/usr/share/texmf-dist/tex/latex/listings/listings.cfg
File: listings.cfg 2025/11/14 1.11b listings configuration
))
Package: listings 2025/11/14 1.11b (Carsten Heinz)

==> First Aid for listings.sty no longer applied!
    Expected:
        2024/09/23 1.10c (Carsten Heinz)
    but found:
        2025/11/14 1.11b (Carsten Heinz)
    so I'm assuming it got fixed.
(/usr/share/texmf-dist/tex/latex/xcolor/xcolor.sty
Package: xcolor 2024/09/29 v3.02 LaTeX color extensions (UK)
 (/usr/share/texmf-dist/tex/latex/graphics-cfg/color.cfg
File: color.cfg 2016/01/02 v1.6 sample color configuration
)
Package xcolor Info: Driver file: pdftex.def on input line 274.
LaTeX Info: Redefining \color on input line 762.
 (/usr/share/texmf-dist/tex/latex/graphics/mathcolor.ltx)
Package xcolor Info: Model `cmy' substituted by `cmy0' on input line 1349.
Package xcolor Info: Model `hsb' substituted by `rgb' on input line 1353.
Package xcolor Info: Model `RGB' extended on input line 1365.
Package xcolor Info: Model `HTML' substituted by `rgb' on input line 1367.
Package xcolor Info: Model `Hsb' substituted by `hsb' on input line 1368.
Package xcolor Info: Model `tHsb' substituted by `hsb' on input line 1369.
Package xcolor Info: Model `HSB' substituted by `hsb' on input line 1370.
Package xcolor Info: Model `Gray' substituted by `gray' on input line 1371.
Package xcolor Info: Model `wave' substituted by `hsb' on input line 1372.
) (/usr/share/texmf-dist/tex/latex/changepage/changepage.sty
Package: changepage 2009/10/20 v1.0c check page and change page layout
\c@cp@cntr=\count337
\cp@tempcnt=\count338
) (/usr/share/texmf-dist/tex/latex/multirow/multirow.sty
Package: multirow 2024/11/12 v2.9 Span multiple rows of a table
\multirow@colwidth=\skip71
\multirow@cntb=\count339
\multirow@dima=\skip72
\bigstrutjot=\dimen199
) (/usr/share/texmf-dist/tex/latex/float/float.sty
Package: float 2001/11/08 v1.3d Float enhancements (AL)
\c@float@type=\count340
\float@exts=\toks37
\float@box=\box58
\@float@everytoks=\toks38
\@floatcapt=\box59
) (/usr/share/texmf-dist/tex/latex/comment/comment.sty
\CommentStream=\write3
 Excluding comment 'comment') (/usr/share/texmf-dist/tex/latex/tools/tabularx.sty
Package: tabularx 2023/12/11 v2.12a `tabularx' package (DPC)
 (/usr/share/texmf-dist/tex/latex/tools/array.sty
Package: array 2025/09/25 v2.6n Tabular extension package (FMi)
\col@sep=\dimen256
\ar@mcellbox=\box60
\extrarowheight=\dimen257
\NC@list=\toks39
\extratabsurround=\skip73
\backup@length=\skip74
\ar@cellbox=\box61
)
\TX@col@width=\dimen258
\TX@old@table=\dimen259
\TX@old@col=\dimen260
\TX@target=\dimen261
\TX@delta=\dimen262
\TX@cols=\count341
\TX@ftn=\toks40
) (/usr/share/texmf-dist/tex/latex/base/flafter.sty
Package: flafter 2025/08/22 v1.4z Standard LaTeX floats after reference (FMi)
Applying: [2025/06/01] float order in 2-column on input line 49.
Already applied: [2015/01/01] float order in 2-column on input line 152.
Already applied: [0000/00/00] float order in 2-column on input line 254.
) (/usr/share/texmf-dist/tex/latex/algorithms/algorithm.sty
Package: algorithm 2009/08/24 v0.1 Document Style `algorithm' - floating environment
 (/usr/share/texmf-dist/tex/latex/base/ifthen.sty
Package: ifthen 2024/03/16 v1.1e Standard LaTeX ifthen package (DPC)
)
\@float@every@algorithm=\toks41
\c@algorithm=\count342
) (/usr/share/texmf-dist/tex/latex/algorithmicx/algpseudocode.sty
Package: algpseudocode 
 (/usr/share/texmf-dist/tex/latex/algorithmicx/algorithmicx.sty
Package: algorithmicx 2005/04/27 v1.2 Algorithmicx

Document Style algorithmicx 1.2 - a greatly improved `algorithmic' style
\c@ALG@line=\count343
\c@ALG@rem=\count344
\c@ALG@nested=\count345
\ALG@tlm=\skip75
\ALG@thistlm=\skip76
\c@ALG@Lnr=\count346
\c@ALG@blocknr=\count347
\c@ALG@storecount=\count348
\c@ALG@tmpcounter=\count349
\ALG@tmplength=\skip77
)
Document Style - pseudocode environments for use with the `algorithmicx' style
) (/usr/share/texmf-dist/tex/latex/placeins/placeins.sty
Package: placeins 2005/04/18  v 2.2
)
LaTeX Font Info:    Trying to load font information for T1+lmr on input line 70.
 (/usr/share/texmf-dist/tex/latex/lm/t1lmr.fd
File: t1lmr.fd 2015/05/01 v1.6.1 Font defs for Latin Modern
) (/usr/share/texmf-dist/tex/latex/l3backend/l3backend-pdftex.def
File: l3backend-pdftex.def 2025-10-09 L3 backend support: PDF output (pdfTeX)
\l__color_backend_stack_int=\count350
) (./Tesi_Satellite_Computing_Bagini_2045337.aux (./capitoli/chapter1_introduction.aux) (./capitoli/chapter2_state_of_the_art.aux) (./capitoli/chapter3_ilp_architecture.aux) (./capitoli/chapter4_performance_analysis.aux) (./capitoli/chapter5_comparative_benchmark.aux) (./capitoli/chapter6_conclusions.aux))
\openout1 = `Tesi_Satellite_Computing_Bagini_2045337.aux'.

LaTeX Font Info:    Checking defaults for OML/cmm/m/it on input line 70.
LaTeX Font Info:    ... okay on input line 70.
LaTeX Font Info:    Checking defaults for OMS/cmsy/m/n on input line 70.
LaTeX Font Info:    ... okay on input line 70.
LaTeX Font Info:    Checking defaults for OT1/cmr/m/n on input line 70.
LaTeX Font Info:    ... okay on input line 70.
LaTeX Font Info:    Checking defaults for T1/cmr/m/n on input line 70.
LaTeX Font Info:    ... okay on input line 70.
LaTeX Font Info:    Checking defaults for TS1/cmr/m/n on input line 70.
LaTeX Font Info:    ... okay on input line 70.
LaTeX Font Info:    Checking defaults for OMX/cmex/m/n on input line 70.
LaTeX Font Info:    ... okay on input line 70.
LaTeX Font Info:    Checking defaults for U/cmr/m/n on input line 70.
LaTeX Font Info:    ... okay on input line 70.
LaTeX Font Info:    Checking defaults for PD1/pdf/m/n on input line 70.
LaTeX Font Info:    ... okay on input line 70.
LaTeX Font Info:    Checking defaults for PU/pdf/m/n on input line 70.
LaTeX Font Info:    ... okay on input line 70.

*geometry* driver: auto-detecting
*geometry* detected driver: pdftex
*geometry* verbose mode - [ preamble ] result:
* driver: pdftex
* paper: a4paper
* layout: <same size as paper>
* layoutoffset:(h,v)=(0.0pt,0.0pt)
* vratio: 55:89
* modes: includehead heightrounded 
* h-part:(L,W,R)=(100.75394pt, 396.0pt, 100.75394pt)
* v-part:(T,H,B)=(65.75981pt, 672.8738pt, 106.41324pt)
* \paperwidth=597.50787pt
* \paperheight=845.04684pt
* \textwidth=396.0pt
* \textheight=636.60028pt
* \oddsidemargin=28.48395pt
* \evensidemargin=28.48395pt
* \topmargin=-6.51018pt
* \headheight=12.0pt
* \headsep=19.8738pt
* \topskip=11.0pt
* \footskip=27.46295pt
* \marginparwidth=72.0pt
* \marginparsep=12.0pt
* \columnsep=10.0pt
* \skip\footins=10.0pt plus 4.0pt minus 2.0pt
* \hoffset=0.0pt
* \voffset=0.0pt
* \mag=1000
* \@twocolumnfalse
* \@twosidefalse
* \@mparswitchfalse
* \@reversemarginfalse
* (1in=72.27pt=25.4mm, 1cm=28.453pt)

Package caption Info: Begin \AtBeginDocument code.
Package caption Info: changepage package is loaded.
\caption@adjustwidth@hsize=\dimen263
\caption@adjustwidth@linewidth=\dimen264
Package caption Info: float package is loaded.
Package caption Info: hyperref package is loaded.
Package caption Info: listings package is loaded.
Package caption Info: End \AtBeginDocument code.
(/usr/share/texmf-dist/tex/context/base/mkii/supp-pdf.mkii
[Loading MPS to PDF converter (version 2006.09.02).]
\scratchcounter=\count351
\scratchdimen=\dimen265
\scratchbox=\box62
\nofMPsegments=\count352
\nofMParguments=\count353
\everyMPshowfont=\toks42
\MPscratchCnt=\count354
\MPscratchDim=\dimen266
\MPnumerator=\count355
\makeMPintoPDFobject=\count356
\everyMPtoPDFconversion=\toks43
) (/usr/share/texmf-dist/tex/latex/epstopdf-pkg/epstopdf-base.sty
Package: epstopdf-base 2020-01-24 v2.11 Base part for package epstopdf
 (/usr/share/texmf-dist/tex/latex/grfext/grfext.sty
Package: grfext 2019/12/03 v1.3 Manage graphics extensions (HO)
)
Package epstopdf-base Info: Redefining graphics rule for `.eps' on input line 485.
Package grfext Info: Graphics extension search list:
(grfext)             [.pdf,.png,.jpg,.mps,.jpeg,.jbig2,.jb2,.PDF,.PNG,.JPG,.JPEG,.JBIG2,.JB2,.eps]
(grfext)             \AppendGraphicsExtensions on input line 504.
 (/usr/share/texmf-dist/tex/latex/latexconfig/epstopdf-sys.cfg
File: epstopdf-sys.cfg 2010/07/13 v1.3 Configuration of (r)epstopdf for TeX Live
))
LaTeX Info: Redefining \textsubscript on input line 70.
Package hyperref Info: Link coloring OFF on input line 70.
 (./Tesi_Satellite_Computing_Bagini_2045337.out) (./Tesi_Satellite_Computing_Bagini_2045337.out)
\@outlinefile=\write4
\openout4 = `Tesi_Satellite_Computing_Bagini_2045337.out'.

LaTeX Info: Redefining \microtypecontext on input line 70.
Package microtype Info: Applying patch `item' on input line 70.
Package microtype Info: Applying patch `toc' on input line 70.
Package microtype Info: Applying patch `eqnum' on input line 70.
Package microtype Info: Applying patch `footnote' on input line 70.
Package microtype Info: Applying patch `verbatim' on input line 70.
LaTeX Info: Redefining \microtypesetup on input line 70.
Package microtype Info: Generating PDF output.
Package microtype Info: Character protrusion enabled (level 2).
Package microtype Info: Using default protrusion set `alltext'.
Package microtype Info: Automatic font expansion enabled (level 2),
(microtype)             stretch: 20, shrink: 20, step: 1, non-selected.
Package microtype Info: Using default expansion set `alltext-nott'.
Package microtype Info: Patching command `\showhyphens'.
Package microtype Info: No adjustment of tracking.
Package microtype Info: No adjustment of interword spacing.
Package microtype Info: No adjustment of character kerning.
 (/usr/share/texmf-dist/tex/latex/microtype/mt-cmr.cfg
File: mt-cmr.cfg 2013/05/19 v2.2 microtype config. file: Computer Modern Roman (RS)
)
\c@lstlisting=\count357
\SAP@parboxindent=\skip78
\SAP@parboxwidth=\skip79
LaTeX Font Info:    Trying to load font information for T1+lmss on input line 74.
 (/usr/share/texmf-dist/tex/latex/lm/t1lmss.fd
File: t1lmss.fd 2015/05/01 v1.6.1 Font defs for Latin Modern
)
Package microtype Info: Loading generic protrusion settings for font family
(microtype)             `lmss' (encoding: T1).
(microtype)             For optimal results, create family-specific settings.
(microtype)             See the microtype manual for details.
<sapienzalogo.pdf, id=381, 288.07625pt x 89.33376pt>
File: sapienzalogo.pdf Graphic file (type pdf)
<use sapienzalogo.pdf>
Package pdftex.def Info: sapienzalogo.pdf  used on input line 74.
(pdftex.def)             Requested size: 142.26378pt x 44.11742pt.
 [1



{/var/lib/texmf/fonts/map/pdftex/updmap/pdftex.map}{/usr/share/texmf-dist/fonts/enc/dvips/lm/lm-ec.enc} </usr/share/texmf-dist/tex/latex/sapthesis/sapienzalogo.pdf>]
LaTeX Font Info:    Trying to load font information for TS1+lmr on input line 74.
 (/usr/share/texmf-dist/tex/latex/lm/ts1lmr.fd
File: ts1lmr.fd 2015/05/01 v1.6.1 Font defs for Latin Modern
)
Underfull \hbox (badness 10000) in paragraph at lines 74--74

 []

LaTeX Font Info:    Trying to load font information for OT1+lmr on input line 74.
(/usr/share/texmf-dist/tex/latex/lm/ot1lmr.fd
File: ot1lmr.fd 2015/05/01 v1.6.1 Font defs for Latin Modern
)
LaTeX Font Info:    Trying to load font information for OML+lmm on input line 74.
 (/usr/share/texmf-dist/tex/latex/lm/omllmm.fd
File: omllmm.fd 2015/05/01 v1.6.1 Font defs for Latin Modern
)
LaTeX Font Info:    Trying to load font information for OMS+lmsy on input line 74.
 (/usr/share/texmf-dist/tex/latex/lm/omslmsy.fd
File: omslmsy.fd 2015/05/01 v1.6.1 Font defs for Latin Modern
)
LaTeX Font Info:    Trying to load font information for OMX+lmex on input line 74.
 (/usr/share/texmf-dist/tex/latex/lm/omxlmex.fd
File: omxlmex.fd 2015/05/01 v1.6.1 Font defs for Latin Modern
)
LaTeX Font Info:    External font `lmex10' loaded for size
(Font)              <10> on input line 74.
LaTeX Font Info:    External font `lmex10' loaded for size
(Font)              <7> on input line 74.
LaTeX Font Info:    External font `lmex10' loaded for size
(Font)              <5> on input line 74.
LaTeX Font Info:    Trying to load font information for U+msa on input line 74.
 (/usr/share/texmf-dist/tex/latex/amsfonts/umsa.fd
File: umsa.fd 2013/01/14 v3.01 AMS symbols A
) (/usr/share/texmf-dist/tex/latex/microtype/mt-msa.cfg
File: mt-msa.cfg 2006/02/04 v1.1 microtype config. file: AMS symbols (a) (RS)
)
LaTeX Font Info:    Trying to load font information for U+msb on input line 74.
 (/usr/share/texmf-dist/tex/latex/amsfonts/umsb.fd
File: umsb.fd 2013/01/14 v3.01 AMS symbols B
) (/usr/share/texmf-dist/tex/latex/microtype/mt-msb.cfg
File: mt-msb.cfg 2005/06/01 v1.0 microtype config. file: AMS symbols (b) (RS)
)
Underfull \hbox (badness 10000) in paragraph at lines 74--74

 []


pdfTeX warning (ext4): destination with the same identifier (name{page.i}) has been already used, duplicate ignored
<to be read again> 
                   \relax 
l.74 
      [1

{/usr/share/texmf-dist/fonts/enc/dvips/lm/lm-ts1.enc}] [2


]
LaTeX Font Info:    External font `lmex10' loaded for size
(Font)              <10.95> on input line 81.
LaTeX Font Info:    External font `lmex10' loaded for size
(Font)              <8> on input line 81.
LaTeX Font Info:    External font `lmex10' loaded for size
(Font)              <6> on input line 81.
 [3

{/usr/share/texmf-dist/fonts/enc/dvips/lm/lm-mathit.enc}] (./Tesi_Satellite_Computing_Bagini_2045337.toc [4

] [5{/usr/share/texmf-dist/fonts/enc/dvips/lm/lm-mathsy.enc}{/usr/share/texmf-dist/fonts/enc/dvips/lm/lm-rm.enc}])
\tf@toc=\write5
\openout5 = `Tesi_Satellite_Computing_Bagini_2045337.toc'.

 [6]
\openout2 = `capitoli/chapter1_introduction.aux'.

 (./capitoli/chapter1_introduction.tex
Chapter 1.
[1



] [2]
LaTeX Font Info:    Trying to load font information for T1+lmtt on input line 45.
 (/usr/share/texmf-dist/tex/latex/lm/t1lmtt.fd
File: t1lmtt.fd 2015/05/01 v1.6.1 Font defs for Latin Modern
)
Package microtype Info: Loading generic protrusion settings for font family
(microtype)             `lmtt' (encoding: T1).
(microtype)             For optimal results, create family-specific settings.
(microtype)             See the microtype manual for details.
 [3]) [4]
\openout2 = `capitoli/chapter2_state_of_the_art.aux'.

 (./capitoli/chapter2_state_of_the_art.tex
Chapter 2.
[5




]
Overfull \hbox (8.84123pt too wide) in paragraph at lines 38--39
\T1/lmr/m/n/10.95 (-20) Unlike con-ven-tional ter-res-trial cloud dat-a-cen-ters op-er-at-ing on uni-form, high-throughput
 []

[6]
Overfull \hbox (4.93753pt too wide) in paragraph at lines 41--42
[]\T1/lmr/bx/n/10.95 (-20) Real-Time, Mission-Critical Work-loads: \T1/lmr/m/n/10.95 (-20) Time-sensitive ap-pli-ca-tions^^Vsuch
 []


Overfull \hbox (15.6469pt too wide) in paragraph at lines 41--42
\T1/lmr/m/n/10.95 (-20) ing^^Vdemanding sub-second or de-ter-min-is-tic re-sponse la-ten-cies ($\OML/lmm/m/it/10.95 D[] \OMS/lmsy/m/n/10.95 ^^T \OT1/lmr/m/n/10.95 (-20) 1\OML/lmm/m/it/10.95 :\OT1/lmr/m/n/10.95 (-20) 0[]2\OML/lmm/m/it/10.95 :\OT1/lmr/m/n/10.95 (-20) 0[]$\T1/lmr/m/n/10.95 (-20) ) [[]].
 []

[7] [8] [9]) [10]
\openout2 = `capitoli/chapter3_ilp_architecture.aux'.

 (./capitoli/chapter3_ilp_architecture.tex
Chapter 3.
[11




] [12]
Overfull \hbox (41.27986pt too wide) in paragraph at lines 57--102
 [][] 
 []


LaTeX Warning: Float too large for page by 20.92024pt on input line 102.

Package microtype Info: Character `029' is missing
(microtype)             in font `T1/lmr/m/sc/10.95'.
(microtype)             Ignoring protrusion settings for this character.
[13] [14]
Package hyperref Info: bookmark level for unknown algorithm defaults to 0 on input line 135.
Package microtype Info: Character `029' is missing
(microtype)             in font `T1/lmr/m/sc/10'.
(microtype)             Ignoring protrusion settings for this character.

Underfull \hbox (badness 4441) in paragraph at lines 141--142
[]\T1/lmr/bx/n/10 (+20) Global State: $\OMS/lmsy/m/n/10 B   \OT1/lmr/m/n/10 (+20) [ ]$\T1/lmr/m/n/10 (+20) , $\OML/lmm/m/it/10 E[] \OMS/lmsy/m/n/10   []\OT1/lmr/m/n/10 (+20) (\OML/lmm/m/it/10 env\OT1/lmr/m/n/10 (+20) )$\T1/lmr/m/n/10 (+20) , $\OML/lmm/m/it/10 E[] \OMS/lmsy/m/n/10  
 []

[15] [16]
Underfull \hbox (badness 10000) in paragraph at lines 269--270
[] $\OML/lmm/m/it/10 B[] \OMS/lmsy/m/n/10   []\OT1/lmr/m/n/10 (+20) (\OML/lmm/m/it/10 i\OT1/lmr/m/n/10 (+20) )\OML/lmm/m/it/10 ;  C[] \OMS/lmsy/m/n/10   []\OT1/lmr/m/n/10 (+20) (\OML/lmm/m/it/10 i\OT1/lmr/m/n/10 (+20) )\OML/lmm/m/it/10 ;  t[] \OMS/lmsy/m/n/10  
 []

[17] [18] [19{/usr/share/texmf-dist/fonts/enc/dvips/lm/lm-mathex.enc}]
Overfull \hbox (34.4014pt too wide) in paragraph at lines 331--332
[]\T1/lmr/m/n/10.95 (-20) Depending on the op-er-a-tional strat-egy con-fig-ured via \T1/lmtt/m/n/10.95 centralized_primary_objective
 []

[20] [21] [22]
Overfull \hbox (4.73474pt too wide) in paragraph at lines 460--461
[]\T1/lmr/bx/n/10.95 (-20) Permanent Re-jec-tions ($[]$, $[]$,
 []


Overfull \hbox (51.78711pt too wide) in paragraph at lines 483--484
[] $\OML/lmm/m/it/10 ap:[]\OT1/lmr/m/n/10 (-20) (\OML/lmm/m/it/10 t[]id; data:type; env:now; data:image[]size; status; data:d[]cpu\OT1/lmr/m/n/10 (-20) )$ 
 []

[23]
Overfull \hbox (8.50626pt too wide) in paragraph at lines 540--541
[]\T1/lmr/m/n/10 (-20) Yield to discrete-event sim-u-la-tor: $[]\OT1/lmr/m/n/10 (-20) (\OML/lmm/m/it/10 env; SelectedServer; TaskData\OT1/lmr/m/n/10 (-20) )$ 
 []

[24] [25] [26]) [27]
\openout2 = `capitoli/chapter4_performance_analysis.aux'.

 (./capitoli/chapter4_performance_analysis.tex
Chapter 4.
[28




]
Overfull \hbox (1.34387pt too wide) in paragraph at lines 42--43
[]\T1/lmr/m/n/10.95 (-20) Candidate edge nodes are as-signed op-er-a-tional bat-tery re-serves of $\OML/lmm/m/it/10.95 E[] \OMS/lmsy/m/n/10.95 2 f\OT1/lmr/m/n/10.95 (-20) 40\OML/lmm/m/it/10.95 ; \OT1/lmr/m/n/10.95 (-20) 80\OMS/lmsy/m/n/10.95 g[]$
 []

[29]
<figures/01_Line_Success_Rate_ENERGY.png, id=948, 960.7092pt x 820.7463pt>
File: figures/01_Line_Success_Rate_ENERGY.png Graphic file (type png)
<use figures/01_Line_Success_Rate_ENERGY.png>
Package pdftex.def Info: figures/01_Line_Success_Rate_ENERGY.png  used on input line 72.
(pdftex.def)             Requested size: 495.0pt x 422.8832pt.
 [30]
<figures/01_Line_Success_Rate_TIME.png, id=957, 960.7092pt x 820.7463pt>
File: figures/01_Line_Success_Rate_TIME.png Graphic file (type png)
<use figures/01_Line_Success_Rate_TIME.png>
Package pdftex.def Info: figures/01_Line_Success_Rate_TIME.png  used on input line 88.
(pdftex.def)             Requested size: 495.0pt x 422.8832pt.
 [31 <./figures/01_Line_Success_Rate_ENERGY.png>] [32 <./figures/01_Line_Success_Rate_TIME.png>]
<figures/03_Failure_Causes_ENERGY_Dijkstra_Energy.png, id=973, 975.4041pt x 840.0183pt>
File: figures/03_Failure_Causes_ENERGY_Dijkstra_Energy.png Graphic file (type png)
<use figures/03_Failure_Causes_ENERGY_Dijkstra_Energy.png>
Package pdftex.def Info: figures/03_Failure_Causes_ENERGY_Dijkstra_Energy.png  used on input line 107.
(pdftex.def)             Requested size: 495.0pt x 426.30157pt.
<figures/03_Failure_Causes_ENERGY_Dijkstra_Time.png, id=974, 975.4041pt x 840.0183pt>
File: figures/03_Failure_Causes_ENERGY_Dijkstra_Time.png Graphic file (type png)
<use figures/03_Failure_Causes_ENERGY_Dijkstra_Time.png>
Package pdftex.def Info: figures/03_Failure_Causes_ENERGY_Dijkstra_Time.png  used on input line 116.
(pdftex.def)             Requested size: 495.0pt x 426.30157pt.
 [33 <./figures/03_Failure_Causes_ENERGY_Dijkstra_Energy.png>] [34 <./figures/03_Failure_Causes_ENERGY_Dijkstra_Time.png>]
<figures/03_Failure_Causes_TIME_Dijkstra_Energy.png, id=989, 975.4041pt x 840.0183pt>
File: figures/03_Failure_Causes_TIME_Dijkstra_Energy.png Graphic file (type png)
<use figures/03_Failure_Causes_TIME_Dijkstra_Energy.png>
Package pdftex.def Info: figures/03_Failure_Causes_TIME_Dijkstra_Energy.png  used on input line 139.
(pdftex.def)             Requested size: 495.0pt x 426.30157pt.
<figures/03_Failure_Causes_TIME_Dijkstra_Time.png, id=990, 975.4041pt x 840.0183pt>
File: figures/03_Failure_Causes_TIME_Dijkstra_Time.png Graphic file (type png)
<use figures/03_Failure_Causes_TIME_Dijkstra_Time.png>
Package pdftex.def Info: figures/03_Failure_Causes_TIME_Dijkstra_Time.png  used on input line 148.
(pdftex.def)             Requested size: 495.0pt x 426.30157pt.
 [35] [36 <./figures/03_Failure_Causes_TIME_Dijkstra_Energy.png>] [37 <./figures/03_Failure_Causes_TIME_Dijkstra_Time.png>]
<figures/02_Stacked_Response_Time_ENERGY_Dijkstra_Energy.png, id=1010, 1023.1023pt x 829.4187pt>
File: figures/02_Stacked_Response_Time_ENERGY_Dijkstra_Energy.png Graphic file (type png)
<use figures/02_Stacked_Response_Time_ENERGY_Dijkstra_Energy.png>
Package pdftex.def Info: figures/02_Stacked_Response_Time_ENERGY_Dijkstra_Energy.png  used on input line 171.
(pdftex.def)             Requested size: 495.0pt x 401.29308pt.
<figures/02_Stacked_Response_Time_ENERGY_Dijkstra_Time.png, id=1011, 1023.1023pt x 829.4187pt>
File: figures/02_Stacked_Response_Time_ENERGY_Dijkstra_Time.png Graphic file (type png)
<use figures/02_Stacked_Response_Time_ENERGY_Dijkstra_Time.png>
Package pdftex.def Info: figures/02_Stacked_Response_Time_ENERGY_Dijkstra_Time.png  used on input line 180.
(pdftex.def)             Requested size: 495.0pt x 401.29308pt.
 [38

 <./figures/02_Stacked_Response_Time_ENERGY_Dijkstra_Energy.png>]
<figures/02_Stacked_Response_Time_TIME_Dijkstra_Energy.png, id=1023, 1023.1023pt x 829.4187pt>
File: figures/02_Stacked_Response_Time_TIME_Dijkstra_Energy.png Graphic file (type png)
<use figures/02_Stacked_Response_Time_TIME_Dijkstra_Energy.png>
Package pdftex.def Info: figures/02_Stacked_Response_Time_TIME_Dijkstra_Energy.png  used on input line 204.
(pdftex.def)             Requested size: 495.0pt x 401.29308pt.
<figures/02_Stacked_Response_Time_TIME_Dijkstra_Time.png, id=1024, 1023.1023pt x 829.4187pt>
File: figures/02_Stacked_Response_Time_TIME_Dijkstra_Time.png Graphic file (type png)
<use figures/02_Stacked_Response_Time_TIME_Dijkstra_Time.png>
Package pdftex.def Info: figures/02_Stacked_Response_Time_TIME_Dijkstra_Time.png  used on input line 213.
(pdftex.def)             Requested size: 495.0pt x 401.29308pt.
 [39 <./figures/02_Stacked_Response_Time_ENERGY_Dijkstra_Time.png>] [40 <./figures/02_Stacked_Response_Time_TIME_Dijkstra_Energy.png>]

LaTeX Warning: Reference `fig:failure_causes_energy' on page 41 undefined on input line 231.


LaTeX Warning: Reference `fig:failure_causes_time' on page 41 undefined on input line 231.


LaTeX Warning: Reference `fig:line_rt_energy' on page 41 undefined on input line 232.


LaTeX Warning: Reference `fig:line_rt_time' on page 41 undefined on input line 232.

[41 <./figures/02_Stacked_Response_Time_TIME_Dijkstra_Time.png>]

LaTeX Warning: Reference `fig:line_rt_energy' on page 42 undefined on input line 247.


LaTeX Warning: Reference `fig:line_rt_time' on page 42 undefined on input line 247.


LaTeX Warning: Reference `fig:failure_causes_energy' on page 42 undefined on input line 251.


LaTeX Warning: Reference `fig:failure_causes_time' on page 42 undefined on input line 251.


LaTeX Warning: Reference `fig:line_rt_energy' on page 42 undefined on input line 252.


LaTeX Warning: Reference `fig:line_rt_time' on page 42 undefined on input line 252.

[42]
LaTeX Font Info:    External font `lmex10' loaded for size
(Font)              <14.4> on input line 258.
<figures/01_Cross_Success_Rate_Energy_AR_8.png, id=1061, 1249.7892pt x 602.25pt>
File: figures/01_Cross_Success_Rate_Energy_AR_8.png Graphic file (type png)
<use figures/01_Cross_Success_Rate_Energy_AR_8.png>
Package pdftex.def Info: figures/01_Cross_Success_Rate_Energy_AR_8.png  used on input line 280.
(pdftex.def)             Requested size: 495.0pt x 238.52481pt.
<figures/01_Cross_Success_Rate_Time_AR_8.png, id=1062, 1249.7892pt x 602.25pt>
File: figures/01_Cross_Success_Rate_Time_AR_8.png Graphic file (type png)
<use figures/01_Cross_Success_Rate_Time_AR_8.png>
Package pdftex.def Info: figures/01_Cross_Success_Rate_Time_AR_8.png  used on input line 289.
(pdftex.def)             Requested size: 495.0pt x 238.52481pt.
<figures/01_Cross_Success_Rate_Energy_AR_10.png, id=1063, 1249.7892pt x 602.25pt>
File: figures/01_Cross_Success_Rate_Energy_AR_10.png Graphic file (type png)
<use figures/01_Cross_Success_Rate_Energy_AR_10.png>
Package pdftex.def Info: figures/01_Cross_Success_Rate_Energy_AR_10.png  used on input line 304.
(pdftex.def)             Requested size: 495.0pt x 238.52481pt.
<figures/01_Cross_Success_Rate_Time_AR_10.png, id=1064, 1249.7892pt x 602.25pt>
File: figures/01_Cross_Success_Rate_Time_AR_10.png Graphic file (type png)
<use figures/01_Cross_Success_Rate_Time_AR_10.png>
Package pdftex.def Info: figures/01_Cross_Success_Rate_Time_AR_10.png  used on input line 313.
(pdftex.def)             Requested size: 495.0pt x 238.52481pt.
 [43] [44 <./figures/01_Cross_Success_Rate_Energy_AR_8.png> <./figures/01_Cross_Success_Rate_Time_AR_8.png>] [45 <./figures/01_Cross_Success_Rate_Energy_AR_10.png> <./figures/01_Cross_Success_Rate_Time_AR_10.png>]
<figures/02_Cross_Failure_Causes_Energy_AR_8.png, id=1091, 1249.7892pt x 617.9085pt>
File: figures/02_Cross_Failure_Causes_Energy_AR_8.png Graphic file (type png)
<use figures/02_Cross_Failure_Causes_Energy_AR_8.png>
Package pdftex.def Info: figures/02_Cross_Failure_Causes_Energy_AR_8.png  used on input line 333.
(pdftex.def)             Requested size: 495.0pt x 244.72646pt.
<figures/02_Cross_Failure_Causes_Time_AR_8.png, id=1092, 1249.7892pt x 617.9085pt>
File: figures/02_Cross_Failure_Causes_Time_AR_8.png Graphic file (type png)
<use figures/02_Cross_Failure_Causes_Time_AR_8.png>
Package pdftex.def Info: figures/02_Cross_Failure_Causes_Time_AR_8.png  used on input line 342.
(pdftex.def)             Requested size: 495.0pt x 244.72646pt.
 [46 <./figures/02_Cross_Failure_Causes_Energy_AR_8.png>]
<figures/02_Cross_Failure_Causes_Energy_AR_10.png, id=1102, 1249.7892pt x 617.9085pt>
File: figures/02_Cross_Failure_Causes_Energy_AR_10.png Graphic file (type png)
<use figures/02_Cross_Failure_Causes_Energy_AR_10.png>
Package pdftex.def Info: figures/02_Cross_Failure_Causes_Energy_AR_10.png  used on input line 361.
(pdftex.def)             Requested size: 495.0pt x 244.72646pt.
<figures/02_Cross_Failure_Causes_Time_AR_10.png, id=1103, 1249.7892pt x 617.9085pt>
File: figures/02_Cross_Failure_Causes_Time_AR_10.png Graphic file (type png)
<use figures/02_Cross_Failure_Causes_Time_AR_10.png>
Package pdftex.def Info: figures/02_Cross_Failure_Causes_Time_AR_10.png  used on input line 370.
(pdftex.def)             Requested size: 495.0pt x 244.72646pt.
 [47 <./figures/02_Cross_Failure_Causes_Time_AR_8.png>] [48 <./figures/02_Cross_Failure_Causes_Energy_AR_10.png> <./figures/02_Cross_Failure_Causes_Time_AR_10.png>]
<figures/03_Cross_Response_Time_Energy_AR_8.png, id=1121, 1249.7892pt x 600.8046pt>
File: figures/03_Cross_Response_Time_Energy_AR_8.png Graphic file (type png)
<use figures/03_Cross_Response_Time_Energy_AR_8.png>
Package pdftex.def Info: figures/03_Cross_Response_Time_Energy_AR_8.png  used on input line 385.
(pdftex.def)             Requested size: 495.0pt x 237.95235pt.
<figures/03_Cross_Response_Time_Time_AR_8.png, id=1122, 1249.7892pt x 600.8046pt>
File: figures/03_Cross_Response_Time_Time_AR_8.png Graphic file (type png)
<use figures/03_Cross_Response_Time_Time_AR_8.png>
Package pdftex.def Info: figures/03_Cross_Response_Time_Time_AR_8.png  used on input line 394.
(pdftex.def)             Requested size: 495.0pt x 237.95235pt.
<figures/03_Cross_Response_Time_Energy_AR_10.png, id=1123, 1249.7892pt x 600.8046pt>
File: figures/03_Cross_Response_Time_Energy_AR_10.png Graphic file (type png)
<use figures/03_Cross_Response_Time_Energy_AR_10.png>
Package pdftex.def Info: figures/03_Cross_Response_Time_Energy_AR_10.png  used on input line 409.
(pdftex.def)             Requested size: 495.0pt x 237.95235pt.
<figures/03_Cross_Response_Time_Time_AR_10.png, id=1124, 1249.7892pt x 600.8046pt>
File: figures/03_Cross_Response_Time_Time_AR_10.png Graphic file (type png)
<use figures/03_Cross_Response_Time_Time_AR_10.png>
Package pdftex.def Info: figures/03_Cross_Response_Time_Time_AR_10.png  used on input line 418.
(pdftex.def)             Requested size: 495.0pt x 237.95235pt.
 [49 <./figures/03_Cross_Response_Time_Energy_AR_8.png>] [50 <./figures/03_Cross_Response_Time_Time_AR_8.png> <./figures/03_Cross_Response_Time_Energy_AR_10.png>]
Overfull \hbox (2.54549pt too wide) in paragraph at lines 436--436
[]\T1/lmr/bx/n/14.4 (-20) Consolidated Val-i-da-tion: Pre- vs. Post-Optimization
 []

<figures/01_Confronto_Success_Rate_DijkTime.png, id=1141, 1285.9242pt x 550.9383pt>
File: figures/01_Confronto_Success_Rate_DijkTime.png Graphic file (type png)
<use figures/01_Confronto_Success_Rate_DijkTime.png>
Package pdftex.def Info: figures/01_Confronto_Success_Rate_DijkTime.png  used on input line 454.
(pdftex.def)             Requested size: 495.0pt x 212.07407pt.
[51 <./figures/03_Cross_Response_Time_Time_AR_10.png>] [52 <./figures/01_Confronto_Success_Rate_DijkTime.png>]
<figures/02_Confronto_Failure_Causes_DijkTime.png, id=1156, 1430.4642pt x 587.796pt>
File: figures/02_Confronto_Failure_Causes_DijkTime.png Graphic file (type png)
<use figures/02_Confronto_Failure_Causes_DijkTime.png>
Package pdftex.def Info: figures/02_Confronto_Failure_Causes_DijkTime.png  used on input line 475.
(pdftex.def)             Requested size: 495.0pt x 203.39972pt.
 [53 <./figures/02_Confronto_Failure_Causes_DijkTime.png>]
<figures/03_Confronto_Response_Time_DijkTime.png, id=1164, 1430.4642pt x 587.796pt>
File: figures/03_Confronto_Response_Time_DijkTime.png Graphic file (type png)
<use figures/03_Confronto_Response_Time_DijkTime.png>
Package pdftex.def Info: figures/03_Confronto_Response_Time_DijkTime.png  used on input line 502.
(pdftex.def)             Requested size: 495.0pt x 203.39972pt.
 [54 <./figures/03_Confronto_Response_Time_DijkTime.png>]) [55] [56]
\openout2 = `capitoli/chapter5_comparative_benchmark.aux'.

 (./capitoli/chapter5_comparative_benchmark.tex
Chapter 5.
[57




]
LaTeX Font Info:    Font shape `T1/lmtt/bx/n' in size <10.95> not available
(Font)              Font shape `T1/lmtt/b/n' tried instead on input line 53.
 [58]
LaTeX Font Info:    External font `lmex10' loaded for size
(Font)              <12> on input line 88.
<figures/01_Success_Rate_Beta_0_4_0_35_0_25_40kJ.png, id=1234, 1249.7892pt x 663.1977pt>
File: figures/01_Success_Rate_Beta_0_4_0_35_0_25_40kJ.png Graphic file (type png)
<use figures/01_Success_Rate_Beta_0_4_0_35_0_25_40kJ.png>
Package pdftex.def Info: figures/01_Success_Rate_Beta_0_4_0_35_0_25_40kJ.png  used on input line 100.
(pdftex.def)             Requested size: 495.0pt x 262.66353pt.
<figures/01_Success_Rate_Beta_0_4_0_35_0_25_80kJ.png, id=1235, 1249.7892pt x 663.1977pt>
File: figures/01_Success_Rate_Beta_0_4_0_35_0_25_80kJ.png Graphic file (type png)
<use figures/01_Success_Rate_Beta_0_4_0_35_0_25_80kJ.png>
Package pdftex.def Info: figures/01_Success_Rate_Beta_0_4_0_35_0_25_80kJ.png  used on input line 109.
(pdftex.def)             Requested size: 495.0pt x 262.66353pt.
 [59] [60 <./figures/01_Success_Rate_Beta_0_4_0_35_0_25_40kJ.png> <./figures/01_Success_Rate_Beta_0_4_0_35_0_25_80kJ.png>]
Overfull \hbox (54.74564pt too wide) in paragraph at lines 122--123
[]\T1/lmr/bx/n/10.95 (-20) Hierarchical Through-put Col-lapse: \T1/lmr/m/n/10.95 (-20) The hi-er-ar-chi-cal for-mu-la-tions (\T1/lmtt/m/n/10.95 ILP-Hierarchical
 []

[61]
<figures/02_Response_Time_Beta_0_4_0_35_0_25_40kJ.png, id=1261, 1249.7892pt x 667.5339pt>
File: figures/02_Response_Time_Beta_0_4_0_35_0_25_40kJ.png Graphic file (type png)
<use figures/02_Response_Time_Beta_0_4_0_35_0_25_40kJ.png>
Package pdftex.def Info: figures/02_Response_Time_Beta_0_4_0_35_0_25_40kJ.png  used on input line 134.
(pdftex.def)             Requested size: 495.0pt x 264.3809pt.
<figures/02_Response_Time_Beta_0_4_0_35_0_25_80kJ.png, id=1262, 1257.7389pt x 667.5339pt>
File: figures/02_Response_Time_Beta_0_4_0_35_0_25_80kJ.png Graphic file (type png)
<use figures/02_Response_Time_Beta_0_4_0_35_0_25_80kJ.png>
Package pdftex.def Info: figures/02_Response_Time_Beta_0_4_0_35_0_25_80kJ.png  used on input line 143.
(pdftex.def)             Requested size: 495.0pt x 262.71045pt.
 [62 <./figures/02_Response_Time_Beta_0_4_0_35_0_25_40kJ.png>]
<figures/03_Rejection_Causes_Beta_0_4_0_35_0_25_40kJ.png, id=1272, 1249.7892pt x 668.2566pt>
File: figures/03_Rejection_Causes_Beta_0_4_0_35_0_25_40kJ.png Graphic file (type png)
<use figures/03_Rejection_Causes_Beta_0_4_0_35_0_25_40kJ.png>
Package pdftex.def Info: figures/03_Rejection_Causes_Beta_0_4_0_35_0_25_40kJ.png  used on input line 166.
(pdftex.def)             Requested size: 495.0pt x 264.66714pt.
 [63 <./figures/02_Response_Time_Beta_0_4_0_35_0_25_80kJ.png>]
<figures/03_Rejection_Causes_Beta_0_4_0_35_0_25_80kJ.png, id=1278, 1249.7892pt x 668.2566pt>
File: figures/03_Rejection_Causes_Beta_0_4_0_35_0_25_80kJ.png Graphic file (type png)
<use figures/03_Rejection_Causes_Beta_0_4_0_35_0_25_80kJ.png>
Package pdftex.def Info: figures/03_Rejection_Causes_Beta_0_4_0_35_0_25_80kJ.png  used on input line 175.
(pdftex.def)             Requested size: 495.0pt x 264.66714pt.
 [64 <./figures/03_Rejection_Causes_Beta_0_4_0_35_0_25_40kJ.png>]
Overfull \hbox (7.29007pt too wide) in paragraph at lines 191--191
[]\T1/lmr/bx/n/12 (-20) Computation-Heavy Stress: CPU-Intensive Pro-file ($[] \OT1/lmr/m/n/12 (-20) = (0\OML/lmm/m/it/12 ; \OT1/lmr/m/n/12 (-20) 1\OML/lmm/m/it/12 ; \OT1/lmr/m/n/12 (-20) 0)$\T1/lmr/bx/n/12 (-20) ) 
 []

<figures/01_Success_Rate_Beta_0_1_0_40kJ.png, id=1288, 1249.7892pt x 663.1977pt>
File: figures/01_Success_Rate_Beta_0_1_0_40kJ.png Graphic file (type png)
<use figures/01_Success_Rate_Beta_0_1_0_40kJ.png>
Package pdftex.def Info: figures/01_Success_Rate_Beta_0_1_0_40kJ.png  used on input line 203.
(pdftex.def)             Requested size: 495.0pt x 262.66353pt.
<figures/01_Success_Rate_Beta_0_1_0_80kJ.png, id=1289, 1249.7892pt x 663.1977pt>
File: figures/01_Success_Rate_Beta_0_1_0_80kJ.png Graphic file (type png)
<use figures/01_Success_Rate_Beta_0_1_0_80kJ.png>
Package pdftex.def Info: figures/01_Success_Rate_Beta_0_1_0_80kJ.png  used on input line 212.
(pdftex.def)             Requested size: 495.0pt x 262.66353pt.
[65 <./figures/03_Rejection_Causes_Beta_0_4_0_35_0_25_80kJ.png>] [66 <./figures/01_Success_Rate_Beta_0_1_0_40kJ.png> <./figures/01_Success_Rate_Beta_0_1_0_80kJ.png>]
Overfull \hbox (9.10825pt too wide) in paragraph at lines 225--226
\T1/lmr/m/n/10.95 (-20) con-fig-u-ra-tion with la-tency op-ti-miza-tion (\T1/lmtt/m/n/10.95 ILP-Centr [BS2, BT2, Time]\T1/lmr/m/n/10.95 (-20) ) demon-
 []

<figures/02_Response_Time_Beta_0_1_0_40kJ.png, id=1306, 1249.7892pt x 667.5339pt>
File: figures/02_Response_Time_Beta_0_1_0_40kJ.png Graphic file (type png)
<use figures/02_Response_Time_Beta_0_1_0_40kJ.png>
Package pdftex.def Info: figures/02_Response_Time_Beta_0_1_0_40kJ.png  used on input line 235.
(pdftex.def)             Requested size: 495.0pt x 264.3809pt.
<figures/02_Response_Time_Beta_0_1_0_80kJ.png, id=1307, 1249.7892pt x 667.5339pt>
File: figures/02_Response_Time_Beta_0_1_0_80kJ.png Graphic file (type png)
<use figures/02_Response_Time_Beta_0_1_0_80kJ.png>
Package pdftex.def Info: figures/02_Response_Time_Beta_0_1_0_80kJ.png  used on input line 244.
(pdftex.def)             Requested size: 495.0pt x 264.3809pt.
[67] [68 <./figures/02_Response_Time_Beta_0_1_0_40kJ.png> <./figures/02_Response_Time_Beta_0_1_0_80kJ.png>]
<figures/03_Rejection_Causes_Beta_0_1_0_40kJ.png, id=1322, 1249.7892pt x 668.2566pt>
File: figures/03_Rejection_Causes_Beta_0_1_0_40kJ.png Graphic file (type png)
<use figures/03_Rejection_Causes_Beta_0_1_0_40kJ.png>
Package pdftex.def Info: figures/03_Rejection_Causes_Beta_0_1_0_40kJ.png  used on input line 265.
(pdftex.def)             Requested size: 495.0pt x 264.66714pt.
<figures/03_Rejection_Causes_Beta_0_1_0_80kJ.png, id=1323, 1249.7892pt x 668.2566pt>
File: figures/03_Rejection_Causes_Beta_0_1_0_80kJ.png Graphic file (type png)
<use figures/03_Rejection_Causes_Beta_0_1_0_80kJ.png>
Package pdftex.def Info: figures/03_Rejection_Causes_Beta_0_1_0_80kJ.png  used on input line 274.
(pdftex.def)             Requested size: 495.0pt x 264.66714pt.
 [69 <./figures/03_Rejection_Causes_Beta_0_1_0_40kJ.png>] [70 <./figures/03_Rejection_Causes_Beta_0_1_0_80kJ.png>]
<figures/01_Success_Rate_Beta_0_0_1_40kJ.png, id=1338, 1249.7892pt x 663.1977pt>
File: figures/01_Success_Rate_Beta_0_0_1_40kJ.png Graphic file (type png)
<use figures/01_Success_Rate_Beta_0_0_1_40kJ.png>
Package pdftex.def Info: figures/01_Success_Rate_Beta_0_0_1_40kJ.png  used on input line 304.
(pdftex.def)             Requested size: 495.0pt x 262.66353pt.
<figures/01_Success_Rate_Beta_0_0_1_80kJ.png, id=1339, 1249.7892pt x 663.1977pt>
File: figures/01_Success_Rate_Beta_0_0_1_80kJ.png Graphic file (type png)
<use figures/01_Success_Rate_Beta_0_0_1_80kJ.png>
Package pdftex.def Info: figures/01_Success_Rate_Beta_0_0_1_80kJ.png  used on input line 313.
(pdftex.def)             Requested size: 495.0pt x 262.66353pt.
 [71 <./figures/01_Success_Rate_Beta_0_0_1_40kJ.png>] [72 <./figures/01_Success_Rate_Beta_0_0_1_80kJ.png>]
<figures/02_Response_Time_Beta_0_0_1_40kJ.png, id=1355, 1241.8395pt x 667.5339pt>
File: figures/02_Response_Time_Beta_0_0_1_40kJ.png Graphic file (type png)
<use figures/02_Response_Time_Beta_0_0_1_40kJ.png>
Package pdftex.def Info: figures/02_Response_Time_Beta_0_0_1_40kJ.png  used on input line 334.
(pdftex.def)             Requested size: 495.0pt x 266.08192pt.
<figures/02_Response_Time_Beta_0_0_1_80kJ.png, id=1356, 1241.8395pt x 667.5339pt>
File: figures/02_Response_Time_Beta_0_0_1_80kJ.png Graphic file (type png)
<use figures/02_Response_Time_Beta_0_0_1_80kJ.png>
Package pdftex.def Info: figures/02_Response_Time_Beta_0_0_1_80kJ.png  used on input line 343.
(pdftex.def)             Requested size: 495.0pt x 266.08192pt.
 [73 <./figures/02_Response_Time_Beta_0_0_1_40kJ.png>]
<figures/03_Rejection_Causes_Beta_0_0_1_40kJ.png, id=1367, 1249.7892pt x 668.2566pt>
File: figures/03_Rejection_Causes_Beta_0_0_1_40kJ.png Graphic file (type png)
<use figures/03_Rejection_Causes_Beta_0_0_1_40kJ.png>
Package pdftex.def Info: figures/03_Rejection_Causes_Beta_0_0_1_40kJ.png  used on input line 365.
(pdftex.def)             Requested size: 495.0pt x 264.66714pt.
<figures/03_Rejection_Causes_Beta_0_0_1_80kJ.png, id=1368, 1249.7892pt x 668.2566pt>
File: figures/03_Rejection_Causes_Beta_0_0_1_80kJ.png Graphic file (type png)
<use figures/03_Rejection_Causes_Beta_0_0_1_80kJ.png>
Package pdftex.def Info: figures/03_Rejection_Causes_Beta_0_0_1_80kJ.png  used on input line 374.
(pdftex.def)             Requested size: 495.0pt x 264.66714pt.
 [74 <./figures/02_Response_Time_Beta_0_0_1_80kJ.png>] [75 <./figures/03_Rejection_Causes_Beta_0_0_1_40kJ.png> <./figures/03_Rejection_Causes_Beta_0_0_1_80kJ.png>] [76] [77]
Underfull \hbox (badness 10000) in paragraph at lines 453--453
[]|\T1/lmr/bx/n/10 (+20) Mixed (Throughput-
 []


Underfull \hbox (badness 10000) in paragraph at lines 453--453
[]|\T1/lmr/bx/n/10 (+20) Mixed (Latency-
 []


Underfull \hbox (badness 10000) in paragraph at lines 453--453
\T1/lmr/m/n/10 (+20) (\T1/lmtt/m/n/10 ILP-Centr [BS2, BT2,
 []

[78]) [79]
\openout2 = `capitoli/chapter6_conclusions.aux'.

 (./capitoli/chapter6_conclusions.tex
Chapter 6.
[80




]
Overfull \hbox (2.475pt too wide) in paragraph at lines 30--32
[]\T1/lmr/bx/n/10.95 (-20) Operational Batch-ing Archetypes (Small-Batching vs. Fast-Dispatch):
 []

[81]
Overfull \hbox (7.2804pt too wide) in paragraph at lines 44--45
\T1/lmr/m/n/10.95 (-20) The com-par-a-tive eval-u-a-tion against state-of-the-art dis-tributed heuris-tics (\T1/lmtt/m/n/10.95 OrbitAware\T1/lmr/m/n/10.95 (-20) ,
 []

[82] [83] [84]) [85] (./Tesi_Satellite_Computing_Bagini_2045337.bbl [86





] [87]) [88] [89


] (./Tesi_Satellite_Computing_Bagini_2045337.aux (./capitoli/chapter1_introduction.aux) (./capitoli/chapter2_state_of_the_art.aux) (./capitoli/chapter3_ilp_architecture.aux) (./capitoli/chapter4_performance_analysis.aux) (./capitoli/chapter5_comparative_benchmark.aux) (./capitoli/chapter6_conclusions.aux))
 ***********
LaTeX2e <2025-11-01>
L3 programming layer <2026-01-19>
 ***********


LaTeX Warning: There were undefined references.

Package rerunfilecheck Info: File `Tesi_Satellite_Computing_Bagini_2045337.out' has not changed.
(rerunfilecheck)             Checksum: B89A849661FB95AA3ADE1800CB2BF7DC;26052.
 ) 
Here is how much of TeX's memory you used:
 20747 strings out of 469515
 345785 string characters out of 5470807
 794641 words of memory out of 5000000
 48064 multiletter control sequences out of 15000+600000
 817676 words of font info for 438 fonts, out of 8000000 for 9000
 14 hyphenation exceptions out of 8191
 84i,18n,131p,1427b,669s stack positions out of 10000i,1000n,20000p,200000b,200000s
</usr/share/texmf-dist/fonts/type1/public/lm/lmbx10.pfb></usr/share/texmf-dist/fonts/type1/public/lm/lmbx12.pfb></usr/share/texmf-dist/fonts/type1/public/lm/lmbxi10.pfb></usr/share/texmf-dist/fonts/type1/public/lm/lmcsc10.pfb></usr/share/texmf-dist/fonts/type1/public/lm/lmex10.pfb></usr/share/texmf-dist/fonts/type1/public/lm/lmmi10.pfb></usr/share/texmf-dist/fonts/type1/public/lm/lmmi12.pfb></usr/share/texmf-dist/fonts/type1/public/lm/lmmi5.pfb></usr/share/texmf-dist/fonts/type1/public/lm/lmmi6.pfb></usr/share/texmf-dist/fonts/type1/public/lm/lmmi7.pfb></usr/share/texmf-dist/fonts/type1/public/lm/lmmi8.pfb></usr/share/texmf-dist/fonts/type1/public/lm/lmmib10.pfb></usr/share/texmf-dist/fonts/type1/public/lm/lmr10.pfb></usr/share/texmf-dist/fonts/type1/public/lm/lmr12.pfb></usr/share/texmf-dist/fonts/type1/public/lm/lmr7.pfb></usr/share/texmf-dist/fonts/type1/public/lm/lmr8.pfb></usr/share/texmf-dist/fonts/type1/public/lm/lmr9.pfb></usr/share/texmf-dist/fonts/type1/public/lm/lmri10.pfb></usr/share/texmf-dist/fonts/type1/public/lm/lmss10.pfb></usr/share/texmf-dist/fonts/type1/public/lm/lmss17.pfb></usr/share/texmf-dist/fonts/type1/public/lm/lmssbx10.pfb></usr/share/texmf-dist/fonts/type1/public/lm/lmsy10.pfb></usr/share/texmf-dist/fonts/type1/public/lm/lmsy5.pfb></usr/share/texmf-dist/fonts/type1/public/lm/lmsy6.pfb></usr/share/texmf-dist/fonts/type1/public/lm/lmsy7.pfb></usr/share/texmf-dist/fonts/type1/public/lm/lmsy8.pfb></usr/share/texmf-dist/fonts/type1/public/lm/lmtk10.pfb></usr/share/texmf-dist/fonts/type1/public/lm/lmtt10.pfb>
Output written on Tesi_Satellite_Computing_Bagini_2045337.pdf (96 pages, 25852998 bytes).
PDF statistics:
 1709 PDF objects out of 1728 (max. 8388607)
 1448 compressed objects within 15 object streams
 365 named destinations out of 1000 (max. 500000)
 104909 words of extra memory for PDF output out of 106986 (max. 10000000)

